// Jest Snapshot v1, https://goo.gl/fbAQLP

exports[`<SongCard /> should render and match the snapshot 1`] = `
<body>
  <div>
    <div
      class="ant-col ant-col-8"
      data-testid="song-card"
    >
      <a
        data-testid="card-link"
        href="/tracks/1000/"
      >
        <div
          class="SongCard__Card-sc-163fh4j-0 kqBnJO"
        >
          <img
            class="SongCard__Artwork-sc-163fh4j-1 jDqjW"
            src="react-template.png"
          />
          <h3
            class="SongCard__Title-sc-163fh4j-2 iDAhMX"
          >
            abc
          </h3>
          <h3
            class="SongCard__Title-sc-163fh4j-2 iDAhMX"
          >
            Collection Name : 
          </h3>
          <h5
            class="SongCard__Collection-sc-163fh4j-3 ejeFjk"
          >
            No Information available
          </h5>
          <audio
            controls=""
          >
            <source
              src="https://audio-ssl.itunes.apple.com/itunes-assets/AudioPreview125/v4/5e/5b/3d/5e5b3df4-deb5-da78-5d64-fe51d8404d5c/mzaf_13341178261601361485.plus.aac.p.m4a"
              type="audio/mpeg"
            />
          </audio>
        </div>
      </a>
    </div>
  </div>
</body>
`;
